// Vitest Snapshot v1, https://vitest.dev/guide/snapshot.html

exports[`/best-* and /for/* SEO meta snapshots > matches the recorded metadata for all marketing routes 1`] = `
{
  "/best-app-for-tracking-peptides-supplements-hormones": {
    "canonical": "https://doseroutine.com/best-app-for-tracking-peptides-supplements-hormones",
    "description": "DoseRoutine tracks peptides, supplements and hormones in one routine and chec…. Check it against your full supplement, TRT, or peptide routine with DoseRoutine.",
    "jsonLdScripts": 4,
    "og": {
      "description": "DoseRoutine tracks peptides, supplements and hormones in one routine and chec…. Check it against your full supplement, TRT, or peptide routine with DoseRoutine.",
      "image": "https://doseroutine.com/og/pages/best-app-for-tracking-peptides-supplements-hormones.png",
      "title": "One App for Peptides, Supplements and Hormones",
      "type": "article",
      "url": "https://doseroutine.com/best-app-for-tracking-peptides-supplements-hormones",
    },
    "robots": "index, follow, max-image-preview:large, max-snippet:-1, max-video-preview:-1",
    "title": "One App for Peptides, Supplements and Hormones",
    "twitter": {
      "card": "summary_large_image",
      "description": "DoseRoutine tracks peptides, supplements and hormones in one routine and chec…. Check it against your full supplement, TRT, or peptide routine with DoseRoutine.",
      "image": "https://doseroutine.com/og/pages/best-app-for-tracking-peptides-supplements-hormones.png",
      "title": "One App for Peptides, Supplements and Hormones",
    },
  },
  "/best-biohacking-tracker-app": {
    "canonical": "https://doseroutine.com/best-biohacking-tracker-app",
    "description": "DoseRoutine is the best biohacking tracker app: stack scheduling, interaction…. Check it against your full supplement, TRT, or peptide routine with DoseRoutine.",
    "jsonLdScripts": 4,
    "og": {
      "description": "DoseRoutine is the best biohacking tracker app: stack scheduling, interaction…. Check it against your full supplement, TRT, or peptide routine with DoseRoutine.",
      "image": "https://doseroutine.com/og/pages/best-biohacking-tracker-app.png",
      "title": "Best Biohacking Tracker App for Stacks and Labs",
      "type": "article",
      "url": "https://doseroutine.com/best-biohacking-tracker-app",
    },
    "robots": "index, follow, max-image-preview:large, max-snippet:-1, max-video-preview:-1",
    "title": "Best Biohacking Tracker App for Stacks and Labs",
    "twitter": {
      "card": "summary_large_image",
      "description": "DoseRoutine is the best biohacking tracker app: stack scheduling, interaction…. Check it against your full supplement, TRT, or peptide routine with DoseRoutine.",
      "image": "https://doseroutine.com/og/pages/best-biohacking-tracker-app.png",
      "title": "Best Biohacking Tracker App for Stacks and Labs",
    },
  },
  "/best-glp-1-tracking-app": {
    "canonical": "https://doseroutine.com/best-glp-1-tracking-app",
    "description": "DoseRoutine is the best GLP-1 tracking app: titration schedules, injection si…. Check it against your full supplement, TRT, or peptide routine with DoseRoutine.",
    "jsonLdScripts": 4,
    "og": {
      "description": "DoseRoutine is the best GLP-1 tracking app: titration schedules, injection si…. Check it against your full supplement, TRT, or peptide routine with DoseRoutine.",
      "image": "https://doseroutine.com/og/pages/best-glp-1-tracking-app.png",
      "title": "Best GLP-1 Tracking App for Semaglutide Doses",
      "type": "article",
      "url": "https://doseroutine.com/best-glp-1-tracking-app",
    },
    "robots": "index, follow, max-image-preview:large, max-snippet:-1, max-video-preview:-1",
    "title": "Best GLP-1 Tracking App for Semaglutide Doses",
    "twitter": {
      "card": "summary_large_image",
      "description": "DoseRoutine is the best GLP-1 tracking app: titration schedules, injection si…. Check it against your full supplement, TRT, or peptide routine with DoseRoutine.",
      "image": "https://doseroutine.com/og/pages/best-glp-1-tracking-app.png",
      "title": "Best GLP-1 Tracking App for Semaglutide Doses",
    },
  },
  "/best-health-stack-insights-app": {
    "canonical": "https://doseroutine.com/best-health-stack-insights-app",
    "description": "DoseRoutine turns your logged stack into insights: interaction warnings, timi…. Check it against your full supplement, TRT, or peptide routine with DoseRoutine.",
    "jsonLdScripts": 4,
    "og": {
      "description": "DoseRoutine turns your logged stack into insights: interaction warnings, timi…. Check it against your full supplement, TRT, or peptide routine with DoseRoutine.",
      "image": "https://doseroutine.com/og/pages/best-health-stack-insights-app.png",
      "title": "Health App That Gives Insights, Not Just Logging",
      "type": "article",
      "url": "https://doseroutine.com/best-health-stack-insights-app",
    },
    "robots": "index, follow, max-image-preview:large, max-snippet:-1, max-video-preview:-1",
    "title": "Health App That Gives Insights, Not Just Logging",
    "twitter": {
      "card": "summary_large_image",
      "description": "DoseRoutine turns your logged stack into insights: interaction warnings, timi…. Check it against your full supplement, TRT, or peptide routine with DoseRoutine.",
      "image": "https://doseroutine.com/og/pages/best-health-stack-insights-app.png",
      "title": "Health App That Gives Insights, Not Just Logging",
    },
  },
  "/best-hormone-therapy-app-for-men": {
    "canonical": "https://doseroutine.com/best-hormone-therapy-app-for-men",
    "description": "DoseRoutine helps men manage hormone therapy: dose schedules, ancillaries, in…. Check it against your full supplement, TRT, or peptide routine with DoseRoutine.",
    "jsonLdScripts": 4,
    "og": {
      "description": "DoseRoutine helps men manage hormone therapy: dose schedules, ancillaries, in…. Check it against your full supplement, TRT, or peptide routine with DoseRoutine.",
      "image": "https://doseroutine.com/og/pages/best-hormone-therapy-app-for-men.png",
      "title": "Best Hormone Therapy App for Men (TRT & HRT)",
      "type": "article",
      "url": "https://doseroutine.com/best-hormone-therapy-app-for-men",
    },
    "robots": "index, follow, max-image-preview:large, max-snippet:-1, max-video-preview:-1",
    "title": "Best Hormone Therapy App for Men (TRT & HRT)",
    "twitter": {
      "card": "summary_large_image",
      "description": "DoseRoutine helps men manage hormone therapy: dose schedules, ancillaries, in…. Check it against your full supplement, TRT, or peptide routine with DoseRoutine.",
      "image": "https://doseroutine.com/og/pages/best-hormone-therapy-app-for-men.png",
      "title": "Best Hormone Therapy App for Men (TRT & HRT)",
    },
  },
  "/best-peptide-tracking-app": {
    "canonical": "https://doseroutine.com/best-peptide-tracking-app",
    "description": "DoseRoutine is the best peptide tracking app: reconstitution math, syringe un…. Check it against your full supplement, TRT, or peptide routine with DoseRoutine.",
    "jsonLdScripts": 4,
    "og": {
      "description": "DoseRoutine is the best peptide tracking app: reconstitution math, syringe un…. Check it against your full supplement, TRT, or peptide routine with DoseRoutine.",
      "image": "https://doseroutine.com/og/pages/best-peptide-tracking-app.png",
      "title": "Best Peptide Tracking App for Dosing and Vials",
      "type": "article",
      "url": "https://doseroutine.com/best-peptide-tracking-app",
    },
    "robots": "index, follow, max-image-preview:large, max-snippet:-1, max-video-preview:-1",
    "title": "Best Peptide Tracking App for Dosing and Vials",
    "twitter": {
      "card": "summary_large_image",
      "description": "DoseRoutine is the best peptide tracking app: reconstitution math, syringe un…. Check it against your full supplement, TRT, or peptide routine with DoseRoutine.",
      "image": "https://doseroutine.com/og/pages/best-peptide-tracking-app.png",
      "title": "Best Peptide Tracking App for Dosing and Vials",
    },
  },
  "/best-supplement-tracker-app": {
    "canonical": "https://doseroutine.com/best-supplement-tracker-app",
    "description": "DoseRoutine is the best supplement tracker app for multi-item stacks: interac…. Check it against your full supplement, TRT, or peptide routine with DoseRoutine.",
    "jsonLdScripts": 4,
    "og": {
      "description": "DoseRoutine is the best supplement tracker app for multi-item stacks: interac…. Check it against your full supplement, TRT, or peptide routine with DoseRoutine.",
      "image": "https://doseroutine.com/og/pages/best-supplement-tracker-app.png",
      "title": "Best Supplement Tracker App (2026 Comparison)",
      "type": "article",
      "url": "https://doseroutine.com/best-supplement-tracker-app",
    },
    "robots": "index, follow, max-image-preview:large, max-snippet:-1, max-video-preview:-1",
    "title": "Best Supplement Tracker App (2026 Comparison)",
    "twitter": {
      "card": "summary_large_image",
      "description": "DoseRoutine is the best supplement tracker app for multi-item stacks: interac…. Check it against your full supplement, TRT, or peptide routine with DoseRoutine.",
      "image": "https://doseroutine.com/og/pages/best-supplement-tracker-app.png",
      "title": "Best Supplement Tracker App (2026 Comparison)",
    },
  },
  "/best-trt-tracking-app": {
    "canonical": "https://doseroutine.com/best-trt-tracking-app",
    "description": "DoseRoutine is the best TRT tracking app: injection schedules, site rotation…. Check it against your full supplement, TRT, or peptide routine with DoseRoutine.",
    "jsonLdScripts": 4,
    "og": {
      "description": "DoseRoutine is the best TRT tracking app: injection schedules, site rotation…. Check it against your full supplement, TRT, or peptide routine with DoseRoutine.",
      "image": "https://doseroutine.com/og/pages/best-trt-tracking-app.png",
      "title": "Best TRT Tracking App for Doses and Bloodwork",
      "type": "article",
      "url": "https://doseroutine.com/best-trt-tracking-app",
    },
    "robots": "index, follow, max-image-preview:large, max-snippet:-1, max-video-preview:-1",
    "title": "Best TRT Tracking App for Doses and Bloodwork",
    "twitter": {
      "card": "summary_large_image",
      "description": "DoseRoutine is the best TRT tracking app: injection schedules, site rotation…. Check it against your full supplement, TRT, or peptide routine with DoseRoutine.",
      "image": "https://doseroutine.com/og/pages/best-trt-tracking-app.png",
      "title": "Best TRT Tracking App for Doses and Bloodwork",
    },
  },
  "/for": {
    "canonical": "https://doseroutine.com/for",
    "description": "See what DoseRoutine does for TRT, peptides, GLP-1 medications and biohacking…. Check it against your full supplement, TRT, or peptide routine with DoseRoutine.",
    "jsonLdScripts": 3,
    "og": {
      "description": "See what DoseRoutine does for TRT, peptides, GLP-1 medications and biohacking…. Check it against your full supplement, TRT, or peptide routine with DoseRoutine.",
      "image": null,
      "title": "DoseRoutine Use Cases — TRT, Peptides, GLP-1",
      "type": "website",
      "url": "https://doseroutine.com/for",
    },
    "robots": "index, follow, max-image-preview:large, max-snippet:-1, max-video-preview:-1",
    "title": "DoseRoutine Use Cases — TRT, Peptides, GLP-1",
    "twitter": {
      "card": "summary_large_image",
      "description": "See what DoseRoutine does for TRT, peptides, GLP-1 medications and biohacking…. Check it against your full supplement, TRT, or peptide routine with DoseRoutine.",
      "image": null,
      "title": "DoseRoutine Use Cases — TRT, Peptides, GLP-1",
    },
  },
  "/for/biohackers": {
    "canonical": "https://doseroutine.com/for/biohackers",
    "description": "DoseRoutine is an app for biohackers running multi-compound stacks: cycles, i…. Check it against your full supplement, TRT, or peptide routine with DoseRoutine.",
    "jsonLdScripts": 3,
    "og": {
      "description": "DoseRoutine is an app for biohackers running multi-compound stacks: cycles, i…. Check it against your full supplement, TRT, or peptide routine with DoseRoutine.",
      "image": "https://doseroutine.com/og/pages/biohackers.png",
      "title": "DoseRoutine for Biohackers — Stacks and Labs",
      "type": "article",
      "url": "https://doseroutine.com/for/biohackers",
    },
    "robots": "index, follow, max-image-preview:large, max-snippet:-1, max-video-preview:-1",
    "title": "DoseRoutine for Biohackers — Stacks and Labs",
    "twitter": {
      "card": "summary_large_image",
      "description": "DoseRoutine is an app for biohackers running multi-compound stacks: cycles, i…. Check it against your full supplement, TRT, or peptide routine with DoseRoutine.",
      "image": "https://doseroutine.com/og/pages/biohackers.png",
      "title": "DoseRoutine for Biohackers — Stacks and Labs",
    },
  },
  "/for/glp-1": {
    "canonical": "https://doseroutine.com/for/glp-1",
    "description": "DoseRoutine is an app for people on GLP-1 medications: titration schedules, v…. Check it against your full supplement, TRT, or peptide routine with DoseRoutine.",
    "jsonLdScripts": 3,
    "og": {
      "description": "DoseRoutine is an app for people on GLP-1 medications: titration schedules, v…. Check it against your full supplement, TRT, or peptide routine with DoseRoutine.",
      "image": "https://doseroutine.com/og/pages/glp-1.png",
      "title": "DoseRoutine for GLP-1 — Titration and Tracking",
      "type": "article",
      "url": "https://doseroutine.com/for/glp-1",
    },
    "robots": "index, follow, max-image-preview:large, max-snippet:-1, max-video-preview:-1",
    "title": "DoseRoutine for GLP-1 — Titration and Tracking",
    "twitter": {
      "card": "summary_large_image",
      "description": "DoseRoutine is an app for people on GLP-1 medications: titration schedules, v…. Check it against your full supplement, TRT, or peptide routine with DoseRoutine.",
      "image": "https://doseroutine.com/og/pages/glp-1.png",
      "title": "DoseRoutine for GLP-1 — Titration and Tracking",
    },
  },
  "/for/peptides": {
    "canonical": "https://doseroutine.com/for/peptides",
    "description": "DoseRoutine is an app for people running peptide protocols: reconstitution ma…. Check it against your full supplement, TRT, or peptide routine with DoseRoutine.",
    "jsonLdScripts": 3,
    "og": {
      "description": "DoseRoutine is an app for people running peptide protocols: reconstitution ma…. Check it against your full supplement, TRT, or peptide routine with DoseRoutine.",
      "image": "https://doseroutine.com/og/pages/peptides.png",
      "title": "DoseRoutine for Peptides — Dosing and Vials",
      "type": "article",
      "url": "https://doseroutine.com/for/peptides",
    },
    "robots": "index, follow, max-image-preview:large, max-snippet:-1, max-video-preview:-1",
    "title": "DoseRoutine for Peptides — Dosing and Vials",
    "twitter": {
      "card": "summary_large_image",
      "description": "DoseRoutine is an app for people running peptide protocols: reconstitution ma…. Check it against your full supplement, TRT, or peptide routine with DoseRoutine.",
      "image": "https://doseroutine.com/og/pages/peptides.png",
      "title": "DoseRoutine for Peptides — Dosing and Vials",
    },
  },
  "/for/trt": {
    "canonical": "https://doseroutine.com/for/trt",
    "description": "DoseRoutine is an app for people on testosterone replacement therapy: injecti…. Check it against your full supplement, TRT, or peptide routine with DoseRoutine.",
    "jsonLdScripts": 3,
    "og": {
      "description": "DoseRoutine is an app for people on testosterone replacement therapy: injecti…. Check it against your full supplement, TRT, or peptide routine with DoseRoutine.",
      "image": "https://doseroutine.com/og/pages/trt.png",
      "title": "DoseRoutine for TRT — Track Doses and Labs",
      "type": "article",
      "url": "https://doseroutine.com/for/trt",
    },
    "robots": "index, follow, max-image-preview:large, max-snippet:-1, max-video-preview:-1",
    "title": "DoseRoutine for TRT — Track Doses and Labs",
    "twitter": {
      "card": "summary_large_image",
      "description": "DoseRoutine is an app for people on testosterone replacement therapy: injecti…. Check it against your full supplement, TRT, or peptide routine with DoseRoutine.",
      "image": "https://doseroutine.com/og/pages/trt.png",
      "title": "DoseRoutine for TRT — Track Doses and Labs",
    },
  },
}
`;
